John@JohnDev MINGW64 ~/Documents/MATLAB/repos/loadrating (master)
$ git status
On branch master
Your branch is up-to-date with 'origin/master'.
nothing to commit, working directory clean

John@JohnDev MINGW64 ~/Documents/MATLAB/repos/loadrating (master)
$ git fetch
remote: Counting objects: 9, done.
remote: Compressing objects: 100% (2/2), done.
remote: Total 9 (delta 7), reused 9 (delta 7), pack-reused 0
Unpacking objects: 100% (9/9), done.
From https://github.com/johndevitis/loadrating
   0959f57..f0eae68  master     -> origin/master

John@JohnDev MINGW64 ~/Documents/MATLAB/repos/loadrating (master)
$ git status
On branch master
Your branch is behind 'origin/master' by 2 commits, and can be fast-forwarded.
  (use "git pull" to update your local branch)
nothing to commit, working directory clean

John@JohnDev MINGW64 ~/Documents/MATLAB/repos/loadrating (master)
$ git pull
Updating 0959f57..f0eae68
Fast-forward
 @lrfr/getPosFlex.m | 2 +-
 @lrfr/lrfr.m       | 2 +-
 README.md          | 7 ++++---
 3 files changed, 6 insertions(+), 5 deletions(-)
